C:  2:  3: Typed/Dig: Use dig instead of [].
C:  5:  3: Typed/Dig: Use dig instead of [].
